// Jest Snapshot v1, https://goo.gl/fbAQLP

exports[`App component renders App 1`] = `
<DocumentFragment>
  <div
    style="height: 100px; width: 100px;"
  />
  <div
    style="height: 100px; width: 100px;"
  />
  <div
    style="height: 100px; width: 100px;"
  />
  <div
    style="height: 100px; width: 100px;"
  />
  <div
    style="height: 100px; width: 100px;"
  />
  <div
    style="height: 100px; width: 100px;"
  />
  <div
    style="height: 100px; width: 100px;"
  />
  <div
    style="height: 100px; width: 100px;"
  />
  <div
    style="height: 100px; width: 100px;"
  />
</DocumentFragment>
`;
